{
  "id": 27,
  "Comments": [
   {
    "id": 1,
    "publishedDate": "2023-02-17T01:31:49.473Z",
    "lastUpdatedOn": "0001-01-01T00:00:00Z",
    "content": "new comment",
    "commentType": "text"
   }
  ],
  "publishedDate": "2023-02-17T01:31:49.473Z",
  "lastUpdatedOn": "0001-01-01T00:00:00Z",
  "isDeleted": false
 }