{
  "id": "edaf746e-a05e-429c-ad75-2486f9c0f7d7",
  "name": "sgtestazureforks",
  "remoteURL": "https://sgtestazure@dev.azure.com/sgtestazure/sgtestazure/_git/sgtestazureforks",
  "url": "https://dev.azure.com/sgtestazure/dc493f7d-0b57-4de2-a59b-3f74ff3ea334/_apis/git/repositories/edaf746e-a05e-429c-ad75-2486f9c0f7d7",
  "sshUrl": "git@ssh.dev.azure.com:v3/sgtestazure/sgtestazure/sgtestazureforks",
  "webUrl": "https://dev.azure.com/sgtestazure/sgtestazure/_git/sgtestazureforks",
  "isDisabled": false,
  "isFork": true,
  "project": {
   "id": "dc493f7d-0b57-4de2-a59b-3f74ff3ea334",
   "name": "sgtestazure",
   "state": "wellFormed",
   "revision": 11,
   "visibility": "private",
   "url": "https://dev.azure.com/sgtestazure/_apis/projects/dc493f7d-0b57-4de2-a59b-3f74ff3ea334"
  }
 }